[    1508ms] [ERROR] Failed to load resource: the server responded with a status of 500 (Internal Server Error) @ http://localhost:3000/:0
[    1785ms] [INFO] %cDownload the React DevTools for a better development experience: https://reactjs.org/link/react-devtools font-weight:bold @ webpack-internal:///./node_modules/react-dom/cjs/react-dom.development.js:29889
[    1823ms] Error: Cannot find module './948.js'
Require stack:
- /Users/aashmanrastogi/Documents/website_folders/new_website/mono/.next/server/webpack-runtime.js
- /Users/aashmanrastogi/Documents/website_folders/new_website/mono/.next/server/app/_not-found/page.js
- /Users/aashmanrastogi/Documents/website_folders/new_website/mono/node_modules/next/dist/server/require.js
- /Users/aashmanrastogi/Documents/website_folders/new_website/mono/node_modules/next/dist/server/load-components.js
- /Users/aashmanrastogi/Documents/website_folders/new_website/mono/node_modules/next/dist/build/utils.js
- /Users/aashmanrastogi/Documents/website_folders/new_website/mono/node_modules/next/dist/server/dev/hot-middleware.js
- /Users/aashmanrastogi/Documents/website_folders/new_website/mono/node_modules/next/dist/server/dev/hot-reloader-webpack.js
- /Users/aashmanrastogi/Documents/website_folders/new_website/mono/node_modules/next/dist/server/lib/router-utils/setup-dev-bundler.js
- /Users/aashmanrastogi/Documents/website_folders/new_website/mono/node_modules/next/dist/server/lib/router-server.js
- /Users/aashmanrastogi/Documents/website_folders/new_website/mono/node_modules/next/dist/server/lib/start-server.js
    at Module._resolveFilename (node:internal/modules/cjs/loader:1447:15)
    at <unknown> (file:///Users/aashmanrastogi/Documents/website_folders/new_website/mono/node_modules/next/dist/server/require-hook.js:55:36)
    at defaultResolveImpl (node:internal/modules/cjs/loader:1058:19)
    at resolveForCJSWithHooks (node:internal/modules/cjs/loader:1063:22)
    at Module._load (node:internal/modules/cjs/loader:1233:25)
    at TracingChannel.traceSync (node:diagnostics_channel:328:14)
    at wrapModuleLoad (node:internal/modules/cjs/loader:245:24)
    at Module.require (node:internal/modules/cjs/loader:1547:12)
    at mod.require (file:///Users/aashmanrastogi/Documents/website_folders/new_website/mono/node_modules/next/dist/server/require-hook.js:65:28)
    at require (node:internal/modules/helpers:152:16)
    at __webpack_require__.f.require (file:///Users/aashmanrastogi/Documents/website_folders/new_website/mono/.next/server/webpack-runtime.js:203:28)
    at <unknown> (file:///Users/aashmanrastogi/Documents/website_folders/new_website/mono/.next/server/webpack-runtime.js:111:40)
    at Array.reduce (<anonymous>)
    at __webpack_require__.e (file:///Users/aashmanrastogi/Documents/website_folders/new_website/mono/.next/server/webpack-runtime.js:110:67)
    at Array.map (<anonymous>)
    at __webpack_require__.X (file:///Users/aashmanrastogi/Documents/website_folders/new_website/mono/.next/server/webpack-runtime.js:162:22)
    at <unknown> (file:///Users/aashmanrastogi/Documents/website_folders/new_website/mono/.next/server/app/page.js:43:8474)
    at Object.<anonymous> (file:///Users/aashmanrastogi/Documents/website_folders/new_website/mono/.next/server/app/page.js:43:8531)
    at Module._compile (node:internal/modules/cjs/loader:1803:14)
    at Module._extensions..js (node:internal/modules/cjs/loader:1934:10)
    at Module.load (node:internal/modules/cjs/loader:1524:32)
    at Module._load (node:internal/modules/cjs/loader:1326:12)
    at TracingChannel.traceSync (node:diagnostics_channel:328:14)
    at wrapModuleLoad (node:internal/modules/cjs/loader:245:24)
    at Module.require (node:internal/modules/cjs/loader:1547:12)
    at mod.require (file:///Users/aashmanrastogi/Documents/website_folders/new_website/mono/node_modules/next/dist/server/require-hook.js:65:28)
    at require (node:internal/modules/helpers:152:16)
    at requirePage (file:///Users/aashmanrastogi/Documents/website_folders/new_website/mono/node_modules/next/dist/server/require.js:109:84)
    at <unknown> (file:///Users/aashmanrastogi/Documents/website_folders/new_website/mono/node_modules/next/dist/server/load-components.js:98:84)
    at async loadComponentsImpl (file:///Users/aashmanrastogi/Documents/website_folders/new_website/mono/node_modules/next/dist/server/load-components.js:98:26)
    at async DevServer.findPageComponentsImpl (file:///Users/aashmanrastogi/Documents/website_folders/new_website/mono/node_modules/next/dist/server/next-server.js:710:36)
    at async DevServer.findPageComponents (file:///Users/aashmanrastogi/Documents/website_folders/new_website/mono/node_modules/next/dist/server/dev/next-dev-server.js:577:20)
    at async DevServer.renderPageComponent (file:///Users/aashmanrastogi/Documents/website_folders/new_website/mono/node_modules/next/dist/server/base-server.js:1917:24)
    at async DevServer.renderToResponseImpl (file:///Users/aashmanrastogi/Documents/website_folders/new_website/mono/node_modules/next/dist/server/base-server.js:1969:32)
    at async DevServer.pipeImpl (file:///Users/aashmanrastogi/Documents/website_folders/new_website/mono/node_modules/next/dist/server/base-server.js:920:25)
    at async NextNodeServer.handleCatchallRenderRequest (file:///Users/aashmanrastogi/Documents/website_folders/new_website/mono/node_modules/next/dist/server/next-server.js:272:17)
    at async DevServer.handleRequestImpl (file:///Users/aashmanrastogi/Documents/website_folders/new_website/mono/node_modules/next/dist/server/base-server.js:816:17)
    at async (file:///Users/aashmanrastogi/Documents/website_folders/new_website/mono/node_modules/next/dist/server/dev/next-dev-server.js:339:20)
    at async Span.traceAsyncFn (file:///Users/aashmanrastogi/Documents/website_folders/new_website/mono/node_modules/next/dist/trace/trace.js:154:20)
    at async DevServer.handleRequest (file:///Users/aashmanrastogi/Documents/website_folders/new_website/mono/node_modules/next/dist/server/dev/next-dev-server.js:336:24)
    at async invokeRender (file:///Users/aashmanrastogi/Documents/website_folders/new_website/mono/node_modules/next/dist/server/lib/router-server.js:174:21)
    at async handleRequest (file:///Users/aashmanrastogi/Documents/website_folders/new_website/mono/node_modules/next/dist/server/lib/router-server.js:353:24)
    at async requestHandlerImpl (file:///Users/aashmanrastogi/Documents/website_folders/new_website/mono/node_modules/next/dist/server/lib/router-server.js:377:13)
    at async Server.requestListener (file:///Users/aashmanrastogi/Documents/website_folders/new_website/mono/node_modules/next/dist/server/lib/start-server.js:141:13)
[    1824ms] [LOG] [HMR] connected @ webpack-internal:///./node_modules/next/dist/client/components/react-dev-overlay/pages/websocket.js:45
